Analysis & Synthesis report for CPU
Tue Oct 22 08:44:46 2019
Quartus Prime Version 18.1.0 Build 625 09/12/2018 SJ Lite Edition


---------------------
; Table of Contents ;
---------------------
  1. Legal Notice
  2. Analysis & Synthesis Summary
  3. Analysis & Synthesis Settings
  4. Parallel Compilation
  5. Analysis & Synthesis Source Files Read
  6. Analysis & Synthesis Resource Usage Summary
  7. Analysis & Synthesis Resource Utilization by Entity
  8. State Machine - |CPU|UnidadeDeControle:UnidadeDeControlePort|prox
  9. Registers Removed During Synthesis
 10. Removed Registers Triggering Further Register Optimizations
 11. General Register Statistics
 12. Inverted Register Statistics
 13. Multiplexer Restructuring Statistics (Restructuring Performed)
 14. Port Connectivity Checks: "UnidadeDeControle:UnidadeDeControlePort"
 15. Post-Synthesis Netlist Statistics for Top Partition
 16. Elapsed Time Per Partition
 17. Analysis & Synthesis Messages



----------------
; Legal Notice ;
----------------
Copyright (C) 2018  Intel Corporation. All rights reserved.
Your use of Intel Corporation's design tools, logic functions 
and other software and tools, and its AMPP partner logic 
functions, and any output files from any of the foregoing 
(including device programming or simulation files), and any 
associated documentation or information are expressly subject 
to the terms and conditions of the Intel Program License 
Subscription Agreement, the Intel Quartus Prime License Agreement,
the Intel FPGA IP License Agreement, or other applicable license
agreement, including, without limitation, that your use is for
the sole purpose of programming logic devices manufactured by
Intel and sold by Intel or its authorized distributors.  Please
refer to the applicable agreement for further details.



+----------------------------------------------------------------------------------+
; Analysis & Synthesis Summary                                                     ;
+------------------------------------+---------------------------------------------+
; Analysis & Synthesis Status        ; Successful - Tue Oct 22 08:44:46 2019       ;
; Quartus Prime Version              ; 18.1.0 Build 625 09/12/2018 SJ Lite Edition ;
; Revision Name                      ; CPU                                         ;
; Top-level Entity Name              ; CPU                                         ;
; Family                             ; Cyclone IV E                                ;
; Total logic elements               ; 149                                         ;
;     Total combinational functions  ; 100                                         ;
;     Dedicated logic registers      ; 85                                          ;
; Total registers                    ; 85                                          ;
; Total pins                         ; 51                                          ;
; Total virtual pins                 ; 0                                           ;
; Total memory bits                  ; 0                                           ;
; Embedded Multiplier 9-bit elements ; 0                                           ;
; Total PLLs                         ; 0                                           ;
+------------------------------------+---------------------------------------------+


+------------------------------------------------------------------------------------------------------------+
; Analysis & Synthesis Settings                                                                              ;
+------------------------------------------------------------------+--------------------+--------------------+
; Option                                                           ; Setting            ; Default Value      ;
+------------------------------------------------------------------+--------------------+--------------------+
; Device                                                           ; EP4CE115F29I8L     ;                    ;
; Top-level entity name                                            ; CPU                ; CPU                ;
; Family name                                                      ; Cyclone IV E       ; Cyclone V          ;
; Use smart compilation                                            ; Off                ; Off                ;
; Enable parallel Assembler and Timing Analyzer during compilation ; On                 ; On                 ;
; Enable compact report table                                      ; Off                ; Off                ;
; Restructure Multiplexers                                         ; Auto               ; Auto               ;
; Create Debugging Nodes for IP Cores                              ; Off                ; Off                ;
; Preserve fewer node names                                        ; On                 ; On                 ;
; Intel FPGA IP Evaluation Mode                                    ; Enable             ; Enable             ;
; Verilog Version                                                  ; Verilog_2001       ; Verilog_2001       ;
; VHDL Version                                                     ; VHDL_1993          ; VHDL_1993          ;
; State Machine Processing                                         ; Auto               ; Auto               ;
; Safe State Machine                                               ; Off                ; Off                ;
; Extract Verilog State Machines                                   ; On                 ; On                 ;
; Extract VHDL State Machines                                      ; On                 ; On                 ;
; Ignore Verilog initial constructs                                ; Off                ; Off                ;
; Iteration limit for constant Verilog loops                       ; 5000               ; 5000               ;
; Iteration limit for non-constant Verilog loops                   ; 250                ; 250                ;
; Add Pass-Through Logic to Inferred RAMs                          ; On                 ; On                 ;
; Infer RAMs from Raw Logic                                        ; On                 ; On                 ;
; Parallel Synthesis                                               ; On                 ; On                 ;
; DSP Block Balancing                                              ; Auto               ; Auto               ;
; NOT Gate Push-Back                                               ; On                 ; On                 ;
; Power-Up Don't Care                                              ; On                 ; On                 ;
; Remove Redundant Logic Cells                                     ; Off                ; Off                ;
; Remove Duplicate Registers                                       ; On                 ; On                 ;
; Ignore CARRY Buffers                                             ; Off                ; Off                ;
; Ignore CASCADE Buffers                                           ; Off                ; Off                ;
; Ignore GLOBAL Buffers                                            ; Off                ; Off                ;
; Ignore ROW GLOBAL Buffers                                        ; Off                ; Off                ;
; Ignore LCELL Buffers                                             ; Off                ; Off                ;
; Ignore SOFT Buffers                                              ; On                 ; On                 ;
; Limit AHDL Integers to 32 Bits                                   ; Off                ; Off                ;
; Optimization Technique                                           ; Balanced           ; Balanced           ;
; Carry Chain Length                                               ; 70                 ; 70                 ;
; Auto Carry Chains                                                ; On                 ; On                 ;
; Auto Open-Drain Pins                                             ; On                 ; On                 ;
; Perform WYSIWYG Primitive Resynthesis                            ; Off                ; Off                ;
; Auto ROM Replacement                                             ; On                 ; On                 ;
; Auto RAM Replacement                                             ; On                 ; On                 ;
; Auto DSP Block Replacement                                       ; On                 ; On                 ;
; Auto Shift Register Replacement                                  ; Auto               ; Auto               ;
; Allow Shift Register Merging across Hierarchies                  ; Auto               ; Auto               ;
; Auto Clock Enable Replacement                                    ; On                 ; On                 ;
; Strict RAM Replacement                                           ; Off                ; Off                ;
; Allow Synchronous Control Signals                                ; On                 ; On                 ;
; Force Use of Synchronous Clear Signals                           ; Off                ; Off                ;
; Auto RAM Block Balancing                                         ; On                 ; On                 ;
; Auto RAM to Logic Cell Conversion                                ; Off                ; Off                ;
; Auto Resource Sharing                                            ; Off                ; Off                ;
; Allow Any RAM Size For Recognition                               ; Off                ; Off                ;
; Allow Any ROM Size For Recognition                               ; Off                ; Off                ;
; Allow Any Shift Register Size For Recognition                    ; Off                ; Off                ;
; Use LogicLock Constraints during Resource Balancing              ; On                 ; On                 ;
; Ignore translate_off and synthesis_off directives                ; Off                ; Off                ;
; Timing-Driven Synthesis                                          ; On                 ; On                 ;
; Report Parameter Settings                                        ; On                 ; On                 ;
; Report Source Assignments                                        ; On                 ; On                 ;
; Report Connectivity Checks                                       ; On                 ; On                 ;
; Ignore Maximum Fan-Out Assignments                               ; Off                ; Off                ;
; Synchronization Register Chain Length                            ; 2                  ; 2                  ;
; Power Optimization During Synthesis                              ; Normal compilation ; Normal compilation ;
; HDL message level                                                ; Level2             ; Level2             ;
; Suppress Register Optimization Related Messages                  ; Off                ; Off                ;
; Number of Removed Registers Reported in Synthesis Report         ; 5000               ; 5000               ;
; Number of Swept Nodes Reported in Synthesis Report               ; 5000               ; 5000               ;
; Number of Inverted Registers Reported in Synthesis Report        ; 100                ; 100                ;
; Clock MUX Protection                                             ; On                 ; On                 ;
; Auto Gated Clock Conversion                                      ; Off                ; Off                ;
; Block Design Naming                                              ; Auto               ; Auto               ;
; SDC constraint protection                                        ; Off                ; Off                ;
; Synthesis Effort                                                 ; Auto               ; Auto               ;
; Shift Register Replacement - Allow Asynchronous Clear Signal     ; On                 ; On                 ;
; Pre-Mapping Resynthesis Optimization                             ; Off                ; Off                ;
; Analysis & Synthesis Message Level                               ; Medium             ; Medium             ;
; Disable Register Merging Across Hierarchies                      ; Auto               ; Auto               ;
; Resource Aware Inference For Block RAM                           ; On                 ; On                 ;
+------------------------------------------------------------------+--------------------+--------------------+


+------------------------------------------+
; Parallel Compilation                     ;
+----------------------------+-------------+
; Processors                 ; Number      ;
+----------------------------+-------------+
; Number detected on machine ; 8           ;
; Maximum allowed            ; 4           ;
;                            ;             ;
; Average used               ; 1.00        ;
; Maximum used               ; 4           ;
;                            ;             ;
; Usage by Processor         ; % Time Used ;
;     Processor 1            ; 100.0%      ;
;     Processors 2-4         ;   0.0%      ;
+----------------------------+-------------+


+---------------------------------------------------------------------------------------------------------------------------------------------------------------+
; Analysis & Synthesis Source Files Read                                                                                                                        ;
+----------------------------------+-----------------+-----------------------+------------------------------------------------------------------------+---------+
; File Name with User-Entered Path ; Used in Netlist ; File Type             ; File Name with Absolute Path                                           ; Library ;
+----------------------------------+-----------------+-----------------------+------------------------------------------------------------------------+---------+
; cpu.vhd                          ; yes             ; Auto-Found VHDL File  ; C:/Users/Marcos Lelis/Desktop/KKKKKKKKKKKKKKKKKK/cpu.vhd               ;         ;
; unidadedecontrole.vhd            ; yes             ; Auto-Found VHDL File  ; C:/Users/Marcos Lelis/Desktop/KKKKKKKKKKKKKKKKKK/unidadedecontrole.vhd ;         ;
; reg.vhd                          ; yes             ; Auto-Found VHDL File  ; C:/Users/Marcos Lelis/Desktop/KKKKKKKKKKKKKKKKKK/reg.vhd               ;         ;
; tri_state_buffer.vhd             ; yes             ; Auto-Found VHDL File  ; C:/Users/Marcos Lelis/Desktop/KKKKKKKKKKKKKKKKKK/tri_state_buffer.vhd  ;         ;
; ula.vhd                          ; yes             ; Auto-Found VHDL File  ; C:/Users/Marcos Lelis/Desktop/KKKKKKKKKKKKKKKKKK/ula.vhd               ;         ;
+----------------------------------+-----------------+-----------------------+------------------------------------------------------------------------+---------+


+-----------------------------------------------------------+
; Analysis & Synthesis Resource Usage Summary               ;
+---------------------------------------------+-------------+
; Resource                                    ; Usage       ;
+---------------------------------------------+-------------+
; Estimated Total logic elements              ; 149         ;
;                                             ;             ;
; Total combinational functions               ; 100         ;
; Logic element usage by number of LUT inputs ;             ;
;     -- 4 input functions                    ; 59          ;
;     -- 3 input functions                    ; 20          ;
;     -- <=2 input functions                  ; 21          ;
;                                             ;             ;
; Logic elements by mode                      ;             ;
;     -- normal mode                          ; 92          ;
;     -- arithmetic mode                      ; 8           ;
;                                             ;             ;
; Total registers                             ; 85          ;
;     -- Dedicated logic registers            ; 85          ;
;     -- I/O registers                        ; 0           ;
;                                             ;             ;
; I/O pins                                    ; 51          ;
;                                             ;             ;
; Embedded Multiplier 9-bit elements          ; 0           ;
;                                             ;             ;
; Maximum fan-out node                        ; Clock~input ;
; Maximum fan-out                             ; 85          ;
; Total fan-out                               ; 665         ;
; Average fan-out                             ; 2.32        ;
+---------------------------------------------+-------------+


+-----------------------------------------------------------------------------------------------------------------------------------------------------------------------------------------------------------------------------------------------------------+
; Analysis & Synthesis Resource Utilization by Entity                                                                                                                                                                                                       ;
+----------------------------------------------+---------------------+---------------------------+-------------+--------------+---------+-----------+------+--------------+----------------------------------------------+-------------------+--------------+
; Compilation Hierarchy Node                   ; Combinational ALUTs ; Dedicated Logic Registers ; Memory Bits ; DSP Elements ; DSP 9x9 ; DSP 18x18 ; Pins ; Virtual Pins ; Full Hierarchy Name                          ; Entity Name       ; Library Name ;
+----------------------------------------------+---------------------+---------------------------+-------------+--------------+---------+-----------+------+--------------+----------------------------------------------+-------------------+--------------+
; |CPU                                         ; 100 (36)            ; 85 (0)                    ; 0           ; 0            ; 0       ; 0         ; 51   ; 0            ; |CPU                                         ; CPU               ; work         ;
;    |ULA:ULAControl|                          ; 17 (17)             ; 0 (0)                     ; 0           ; 0            ; 0       ; 0         ; 0    ; 0            ; |CPU|ULA:ULAControl                          ; ULA               ; work         ;
;    |UnidadeDeControle:UnidadeDeControlePort| ; 36 (36)             ; 29 (29)                   ; 0           ; 0            ; 0       ; 0         ; 0    ; 0            ; |CPU|UnidadeDeControle:UnidadeDeControlePort ; UnidadeDeControle ; work         ;
;    |reg:reg0|                                ; 0 (0)               ; 8 (8)                     ; 0           ; 0            ; 0       ; 0         ; 0    ; 0            ; |CPU|reg:reg0                                ; reg               ; work         ;
;    |reg:reg1|                                ; 0 (0)               ; 8 (8)                     ; 0           ; 0            ; 0       ; 0         ; 0    ; 0            ; |CPU|reg:reg1                                ; reg               ; work         ;
;    |reg:reg2|                                ; 0 (0)               ; 8 (8)                     ; 0           ; 0            ; 0       ; 0         ; 0    ; 0            ; |CPU|reg:reg2                                ; reg               ; work         ;
;    |reg:reg3|                                ; 0 (0)               ; 8 (8)                     ; 0           ; 0            ; 0       ; 0         ; 0    ; 0            ; |CPU|reg:reg3                                ; reg               ; work         ;
;    |reg:temp0|                               ; 0 (0)               ; 8 (8)                     ; 0           ; 0            ; 0       ; 0         ; 0    ; 0            ; |CPU|reg:temp0                               ; reg               ; work         ;
;    |reg:temp1|                               ; 11 (11)             ; 8 (8)                     ; 0           ; 0            ; 0       ; 0         ; 0    ; 0            ; |CPU|reg:temp1                               ; reg               ; work         ;
;    |reg:temp2|                               ; 0 (0)               ; 8 (8)                     ; 0           ; 0            ; 0       ; 0         ; 0    ; 0            ; |CPU|reg:temp2                               ; reg               ; work         ;
+----------------------------------------------+---------------------+---------------------------+-------------+--------------+---------+-----------+------+--------------+----------------------------------------------+-------------------+--------------+
Note: For table entries with two numbers listed, the numbers in parentheses indicate the number of resources of the given type used by the specific entity alone. The numbers listed outside of parentheses indicate the total resources of the given type used by the specific entity and all of its sub-entities in the hierarchy.


Encoding Type:  One-Hot
+--------------------------------------------------------------------------------------------------------------------+
; State Machine - |CPU|UnidadeDeControle:UnidadeDeControlePort|prox                                                  ;
+--------+--------+--------+--------+--------+--------+--------+--------+--------+--------+--------+--------+--------+
; Name   ; prox.L ; prox.K ; prox.J ; prox.I ; prox.H ; prox.G ; prox.F ; prox.E ; prox.D ; prox.C ; prox.B ; prox.A ;
+--------+--------+--------+--------+--------+--------+--------+--------+--------+--------+--------+--------+--------+
; prox.A ; 0      ; 0      ; 0      ; 0      ; 0      ; 0      ; 0      ; 0      ; 0      ; 0      ; 0      ; 0      ;
; prox.B ; 0      ; 0      ; 0      ; 0      ; 0      ; 0      ; 0      ; 0      ; 0      ; 0      ; 1      ; 1      ;
; prox.C ; 0      ; 0      ; 0      ; 0      ; 0      ; 0      ; 0      ; 0      ; 0      ; 1      ; 0      ; 1      ;
; prox.D ; 0      ; 0      ; 0      ; 0      ; 0      ; 0      ; 0      ; 0      ; 1      ; 0      ; 0      ; 1      ;
; prox.E ; 0      ; 0      ; 0      ; 0      ; 0      ; 0      ; 0      ; 1      ; 0      ; 0      ; 0      ; 1      ;
; prox.F ; 0      ; 0      ; 0      ; 0      ; 0      ; 0      ; 1      ; 0      ; 0      ; 0      ; 0      ; 1      ;
; prox.G ; 0      ; 0      ; 0      ; 0      ; 0      ; 1      ; 0      ; 0      ; 0      ; 0      ; 0      ; 1      ;
; prox.H ; 0      ; 0      ; 0      ; 0      ; 1      ; 0      ; 0      ; 0      ; 0      ; 0      ; 0      ; 1      ;
; prox.I ; 0      ; 0      ; 0      ; 1      ; 0      ; 0      ; 0      ; 0      ; 0      ; 0      ; 0      ; 1      ;
; prox.J ; 0      ; 0      ; 1      ; 0      ; 0      ; 0      ; 0      ; 0      ; 0      ; 0      ; 0      ; 1      ;
; prox.K ; 0      ; 1      ; 0      ; 0      ; 0      ; 0      ; 0      ; 0      ; 0      ; 0      ; 0      ; 1      ;
; prox.L ; 1      ; 0      ; 0      ; 0      ; 0      ; 0      ; 0      ; 0      ; 0      ; 0      ; 0      ; 1      ;
+--------+--------+--------+--------+--------+--------+--------+--------+--------+--------+--------+--------+--------+


+-----------------------------------------------------------------------------------------------------------------+
; Registers Removed During Synthesis                                                                              ;
+----------------------------------------------------+------------------------------------------------------------+
; Register name                                      ; Reason for Removal                                         ;
+----------------------------------------------------+------------------------------------------------------------+
; UnidadeDeControle:UnidadeDeControlePort|indice[2]  ; Stuck at GND due to stuck port data_in                     ;
; UnidadeDeControle:UnidadeDeControlePort|indice2[2] ; Stuck at GND due to stuck port data_in                     ;
; UnidadeDeControle:UnidadeDeControlePort|ROut[4]    ; Stuck at GND due to stuck port data_in                     ;
; UnidadeDeControle:UnidadeDeControlePort|prox.D     ; Merged with UnidadeDeControle:UnidadeDeControlePort|RIn[6] ;
; Total Number of Removed Registers = 4              ;                                                            ;
+----------------------------------------------------+------------------------------------------------------------+


+---------------------------------------------------------------------------------------------------------------------------------+
; Removed Registers Triggering Further Register Optimizations                                                                     ;
+---------------------------------------------------+---------------------------+-------------------------------------------------+
; Register name                                     ; Reason for Removal        ; Registers Removed due to This Register          ;
+---------------------------------------------------+---------------------------+-------------------------------------------------+
; UnidadeDeControle:UnidadeDeControlePort|indice[2] ; Stuck at GND              ; UnidadeDeControle:UnidadeDeControlePort|ROut[4] ;
;                                                   ; due to stuck port data_in ;                                                 ;
+---------------------------------------------------+---------------------------+-------------------------------------------------+


+------------------------------------------------------+
; General Register Statistics                          ;
+----------------------------------------------+-------+
; Statistic                                    ; Value ;
+----------------------------------------------+-------+
; Total registers                              ; 85    ;
; Number of registers using Synchronous Clear  ; 0     ;
; Number of registers using Synchronous Load   ; 8     ;
; Number of registers using Asynchronous Clear ; 0     ;
; Number of registers using Asynchronous Load  ; 0     ;
; Number of registers using Clock Enable       ; 60    ;
; Number of registers using Preset             ; 0     ;
+----------------------------------------------+-------+


+--------------------------------------------------------------+
; Inverted Register Statistics                                 ;
+----------------------------------------------------+---------+
; Inverted Register                                  ; Fan out ;
+----------------------------------------------------+---------+
; UnidadeDeControle:UnidadeDeControlePort|indice2[0] ; 5       ;
; UnidadeDeControle:UnidadeDeControlePort|indice[0]  ; 5       ;
; Total number of inverted registers = 2             ;         ;
+----------------------------------------------------+---------+


+--------------------------------------------------------------------------------------------------------------------------------------------------------------------+
; Multiplexer Restructuring Statistics (Restructuring Performed)                                                                                                     ;
+--------------------+-----------+---------------+----------------------+------------------------+------------+------------------------------------------------------+
; Multiplexer Inputs ; Bus Width ; Baseline Area ; Area if Restructured ; Saving if Restructured ; Registered ; Example Multiplexer Output                           ;
+--------------------+-----------+---------------+----------------------+------------------------+------------+------------------------------------------------------+
; 8:1                ; 8 bits    ; 40 LEs        ; 16 LEs               ; 24 LEs                 ; Yes        ; |CPU|reg:temp1|Q[0]                                  ;
; 7:1                ; 4 bits    ; 16 LEs        ; 8 LEs                ; 8 LEs                  ; Yes        ; |CPU|UnidadeDeControle:UnidadeDeControlePort|ROut[1] ;
; 7:1                ; 4 bits    ; 16 LEs        ; 8 LEs                ; 8 LEs                  ; Yes        ; |CPU|UnidadeDeControle:UnidadeDeControlePort|RIn[0]  ;
; 4:1                ; 8 bits    ; 16 LEs        ; 0 LEs                ; 16 LEs                 ; No         ; |CPU|ULA:ULAControl|Add0                             ;
; 4:1                ; 8 bits    ; 16 LEs        ; 8 LEs                ; 8 LEs                  ; No         ; |CPU|ULA:ULAControl|Add0                             ;
; 7:1                ; 8 bits    ; 32 LEs        ; 32 LEs               ; 0 LEs                  ; No         ; |CPU|Barramento[7]                                   ;
+--------------------+-----------+---------------+----------------------+------------------------+------------+------------------------------------------------------+


+-------------------------------------------------------------------------------------------------------------------+
; Port Connectivity Checks: "UnidadeDeControle:UnidadeDeControlePort"                                               ;
+---------+--------+----------+-------------------------------------------------------------------------------------+
; Port    ; Type   ; Severity ; Details                                                                             ;
+---------+--------+----------+-------------------------------------------------------------------------------------+
; rout[7] ; Output ; Info     ; Connected to dangling logic. Logic that only feeds a dangling port will be removed. ;
; rin[7]  ; Output ; Info     ; Connected to dangling logic. Logic that only feeds a dangling port will be removed. ;
+---------+--------+----------+-------------------------------------------------------------------------------------+


+-----------------------------------------------------+
; Post-Synthesis Netlist Statistics for Top Partition ;
+-----------------------+-----------------------------+
; Type                  ; Count                       ;
+-----------------------+-----------------------------+
; boundary_port         ; 51                          ;
; cycloneiii_ff         ; 85                          ;
;     ENA               ; 52                          ;
;     ENA SLD           ; 8                           ;
;     plain             ; 25                          ;
; cycloneiii_lcell_comb ; 101                         ;
;     arith             ; 8                           ;
;         3 data inputs ; 8                           ;
;     normal            ; 93                          ;
;         0 data inputs ; 1                           ;
;         1 data inputs ; 2                           ;
;         2 data inputs ; 19                          ;
;         3 data inputs ; 12                          ;
;         4 data inputs ; 59                          ;
;                       ;                             ;
; Max LUT depth         ; 4.70                        ;
; Average LUT depth     ; 3.44                        ;
+-----------------------+-----------------------------+


+-------------------------------+
; Elapsed Time Per Partition    ;
+----------------+--------------+
; Partition Name ; Elapsed Time ;
+----------------+--------------+
; Top            ; 00:00:00     ;
+----------------+--------------+


+-------------------------------+
; Analysis & Synthesis Messages ;
+-------------------------------+
Info: *******************************************************************
Info: Running Quartus Prime Analysis & Synthesis
    Info: Version 18.1.0 Build 625 09/12/2018 SJ Lite Edition
    Info: Processing started: Tue Oct 22 08:44:30 2019
Info: Command: quartus_map --read_settings_files=on --write_settings_files=off CPU -c CPU
Warning (18236): Number of processors has not been specified which may cause overloading on shared machines.  Set the global assignment NUM_PARALLEL_PROCESSORS in your QSF to an appropriate value for best performance.
Info (20030): Parallel compilation is enabled and will use 4 of the 4 processors detected
Warning (12125): Using design file cpu.vhd, which is not specified as a design file for the current project, but contains definitions for 2 design units and 1 entities in project
    Info (12022): Found design unit 1: CPU-CPUTest File: C:/Users/Marcos Lelis/Desktop/KKKKKKKKKKKKKKKKKK/cpu.vhd Line: 18
    Info (12023): Found entity 1: CPU File: C:/Users/Marcos Lelis/Desktop/KKKKKKKKKKKKKKKKKK/cpu.vhd Line: 7
Info (12127): Elaborating entity "CPU" for the top level hierarchy
Warning (10541): VHDL Signal Declaration warning at cpu.vhd(11): used implicit default value for signal "Regi4" because signal was never assigned a value or an explicit default value. Use of implicit default value may introduce unintended design optimizations. File: C:/Users/Marcos Lelis/Desktop/KKKKKKKKKKKKKKKKKK/cpu.vhd Line: 11
Warning (12125): Using design file unidadedecontrole.vhd, which is not specified as a design file for the current project, but contains definitions for 2 design units and 1 entities in project
    Info (12022): Found design unit 1: UnidadeDeControle-UnidadeDeControleTeste File: C:/Users/Marcos Lelis/Desktop/KKKKKKKKKKKKKKKKKK/unidadedecontrole.vhd Line: 14
    Info (12023): Found entity 1: UnidadeDeControle File: C:/Users/Marcos Lelis/Desktop/KKKKKKKKKKKKKKKKKK/unidadedecontrole.vhd Line: 5
Info (12128): Elaborating entity "UnidadeDeControle" for hierarchy "UnidadeDeControle:UnidadeDeControlePort" File: C:/Users/Marcos Lelis/Desktop/KKKKKKKKKKKKKKKKKK/cpu.vhd Line: 75
Warning (10492): VHDL Process Statement warning at unidadedecontrole.vhd(126): signal "prox" is read inside the Process Statement but isn't in the Process Statement's sensitivity list File: C:/Users/Marcos Lelis/Desktop/KKKKKKKKKKKKKKKKKK/unidadedecontrole.vhd Line: 126
Warning (12125): Using design file reg.vhd, which is not specified as a design file for the current project, but contains definitions for 2 design units and 1 entities in project
    Info (12022): Found design unit 1: reg-Behavior File: C:/Users/Marcos Lelis/Desktop/KKKKKKKKKKKKKKKKKK/reg.vhd Line: 13
    Info (12023): Found entity 1: reg File: C:/Users/Marcos Lelis/Desktop/KKKKKKKKKKKKKKKKKK/reg.vhd Line: 5
Info (12128): Elaborating entity "reg" for hierarchy "reg:reg0" File: C:/Users/Marcos Lelis/Desktop/KKKKKKKKKKKKKKKKKK/cpu.vhd Line: 79
Warning (12125): Using design file tri_state_buffer.vhd, which is not specified as a design file for the current project, but contains definitions for 2 design units and 1 entities in project
    Info (12022): Found design unit 1: tri_state_buffer-Behavioral File: C:/Users/Marcos Lelis/Desktop/KKKKKKKKKKKKKKKKKK/tri_state_buffer.vhd Line: 11
    Info (12023): Found entity 1: tri_state_buffer File: C:/Users/Marcos Lelis/Desktop/KKKKKKKKKKKKKKKKKK/tri_state_buffer.vhd Line: 5
Info (12128): Elaborating entity "tri_state_buffer" for hierarchy "tri_state_buffer:bufImed" File: C:/Users/Marcos Lelis/Desktop/KKKKKKKKKKKKKKKKKK/cpu.vhd Line: 88
Warning (12125): Using design file ula.vhd, which is not specified as a design file for the current project, but contains definitions for 2 design units and 1 entities in project
    Info (12022): Found design unit 1: ULA-Estrutura File: C:/Users/Marcos Lelis/Desktop/KKKKKKKKKKKKKKKKKK/ula.vhd Line: 16
    Info (12023): Found entity 1: ULA File: C:/Users/Marcos Lelis/Desktop/KKKKKKKKKKKKKKKKKK/ula.vhd Line: 6
Info (12128): Elaborating entity "ULA" for hierarchy "ULA:ULAControl" File: C:/Users/Marcos Lelis/Desktop/KKKKKKKKKKKKKKKKKK/cpu.vhd Line: 102
Warning (13046): Tri-state node(s) do not directly drive top-level pin(s)
    Warning (13048): Converted tri-state node "Barramento[0]" into a selector File: C:/Users/Marcos Lelis/Desktop/KKKKKKKKKKKKKKKKKK/reg.vhd Line: 17
    Warning (13048): Converted tri-state node "Barramento[1]" into a selector File: C:/Users/Marcos Lelis/Desktop/KKKKKKKKKKKKKKKKKK/reg.vhd Line: 17
    Warning (13048): Converted tri-state node "Barramento[2]" into a selector File: C:/Users/Marcos Lelis/Desktop/KKKKKKKKKKKKKKKKKK/reg.vhd Line: 17
    Warning (13048): Converted tri-state node "Barramento[3]" into a selector File: C:/Users/Marcos Lelis/Desktop/KKKKKKKKKKKKKKKKKK/reg.vhd Line: 17
    Warning (13048): Converted tri-state node "Barramento[4]" into a selector File: C:/Users/Marcos Lelis/Desktop/KKKKKKKKKKKKKKKKKK/reg.vhd Line: 17
    Warning (13048): Converted tri-state node "Barramento[5]" into a selector File: C:/Users/Marcos Lelis/Desktop/KKKKKKKKKKKKKKKKKK/reg.vhd Line: 17
    Warning (13048): Converted tri-state node "Barramento[6]" into a selector File: C:/Users/Marcos Lelis/Desktop/KKKKKKKKKKKKKKKKKK/reg.vhd Line: 17
    Warning (13048): Converted tri-state node "Barramento[7]" into a selector File: C:/Users/Marcos Lelis/Desktop/KKKKKKKKKKKKKKKKKK/reg.vhd Line: 17
    Warning (13049): Converted tri-state buffer "ULA:ULAControl|SAIDA[0]" feeding internal logic into a wire File: C:/Users/Marcos Lelis/Desktop/KKKKKKKKKKKKKKKKKK/ula.vhd Line: 12
    Warning (13049): Converted tri-state buffer "ULA:ULAControl|SAIDA[1]" feeding internal logic into a wire File: C:/Users/Marcos Lelis/Desktop/KKKKKKKKKKKKKKKKKK/ula.vhd Line: 12
    Warning (13049): Converted tri-state buffer "ULA:ULAControl|SAIDA[2]" feeding internal logic into a wire File: C:/Users/Marcos Lelis/Desktop/KKKKKKKKKKKKKKKKKK/ula.vhd Line: 12
    Warning (13049): Converted tri-state buffer "ULA:ULAControl|SAIDA[3]" feeding internal logic into a wire File: C:/Users/Marcos Lelis/Desktop/KKKKKKKKKKKKKKKKKK/ula.vhd Line: 12
    Warning (13049): Converted tri-state buffer "ULA:ULAControl|SAIDA[4]" feeding internal logic into a wire File: C:/Users/Marcos Lelis/Desktop/KKKKKKKKKKKKKKKKKK/ula.vhd Line: 12
    Warning (13049): Converted tri-state buffer "ULA:ULAControl|SAIDA[5]" feeding internal logic into a wire File: C:/Users/Marcos Lelis/Desktop/KKKKKKKKKKKKKKKKKK/ula.vhd Line: 12
    Warning (13049): Converted tri-state buffer "ULA:ULAControl|SAIDA[6]" feeding internal logic into a wire File: C:/Users/Marcos Lelis/Desktop/KKKKKKKKKKKKKKKKKK/ula.vhd Line: 12
    Warning (13049): Converted tri-state buffer "ULA:ULAControl|SAIDA[7]" feeding internal logic into a wire File: C:/Users/Marcos Lelis/Desktop/KKKKKKKKKKKKKKKKKK/ula.vhd Line: 12
Warning (13024): Output pins are stuck at VCC or GND
    Warning (13410): Pin "Regi4[7]" is stuck at GND File: C:/Users/Marcos Lelis/Desktop/KKKKKKKKKKKKKKKKKK/cpu.vhd Line: 11
    Warning (13410): Pin "Regi4[6]" is stuck at GND File: C:/Users/Marcos Lelis/Desktop/KKKKKKKKKKKKKKKKKK/cpu.vhd Line: 11
    Warning (13410): Pin "Regi4[5]" is stuck at GND File: C:/Users/Marcos Lelis/Desktop/KKKKKKKKKKKKKKKKKK/cpu.vhd Line: 11
    Warning (13410): Pin "Regi4[4]" is stuck at GND File: C:/Users/Marcos Lelis/Desktop/KKKKKKKKKKKKKKKKKK/cpu.vhd Line: 11
    Warning (13410): Pin "Regi4[3]" is stuck at GND File: C:/Users/Marcos Lelis/Desktop/KKKKKKKKKKKKKKKKKK/cpu.vhd Line: 11
    Warning (13410): Pin "Regi4[2]" is stuck at GND File: C:/Users/Marcos Lelis/Desktop/KKKKKKKKKKKKKKKKKK/cpu.vhd Line: 11
    Warning (13410): Pin "Regi4[1]" is stuck at GND File: C:/Users/Marcos Lelis/Desktop/KKKKKKKKKKKKKKKKKK/cpu.vhd Line: 11
    Warning (13410): Pin "Regi4[0]" is stuck at GND File: C:/Users/Marcos Lelis/Desktop/KKKKKKKKKKKKKKKKKK/cpu.vhd Line: 11
Info (286030): Timing-Driven Synthesis is running
Info (16010): Generating hard_block partition "hard_block:auto_generated_inst"
    Info (16011): Adding 0 node(s), including 0 DDIO, 0 PLL, 0 transceiver and 0 LCELL
Info (21057): Implemented 209 device resources after synthesis - the final resource count might be different
    Info (21058): Implemented 11 input pins
    Info (21059): Implemented 40 output pins
    Info (21061): Implemented 158 logic cells
Info: Quartus Prime Analysis & Synthesis was successful. 0 errors, 34 warnings
    Info: Peak virtual memory: 4810 megabytes
    Info: Processing ended: Tue Oct 22 08:44:46 2019
    Info: Elapsed time: 00:00:16
    Info: Total CPU time (on all processors): 00:00:33


